3-say_my_name.py test documentation

>>> say_my_name = __import__('3-say_my_name').say_my_name

>>> say_my_name("Shinji", "Ikari")
My name is Shinji Ikari

>>> say_my_name("Shinji")
My name is Shinji 

>>> say_my_name(True, )
Traceback (most recent call last):
TypeError: first_name must be a string

>>> say_my_name("Ugly", True)
Traceback (most recent call last):
TypeError: last_name must be a string
